// Jest Snapshot v1, https://goo.gl/fbAQLP

exports[`Loading should loading 1`] = `
<p
  className="loading-text"
>
  loading...
</p>
`;
